<html>
<body>
<pre>
<h1>礦ision Build Log</h1>
<h2>Tool Versions:</h2>
IDE-Version: μVision V5.41.0.0
Copyright (C) 2024 ARM Ltd and ARM Germany GmbH. All rights reserved.
License Information: Fan DaRen, X, LIC=KRMW3-AR2J1-GKRBG-V8WHS-3HTEA-7B8DQ
 
Tool Versions:
Toolchain:       MDK-ARM Plus  Version: 5.41.0.0
Toolchain Path:  D:\Keil_v5\ARM\ARM_Compiler_5.06u7\Bin
C Compiler:      Armcc.exe V5.06 update 7 (build 960)
Assembler:       Armasm.exe V5.06 update 7 (build 960)
Linker/Locator:  ArmLink.exe V5.06 update 7 (build 960)
Library Manager: ArmAr.exe V5.06 update 7 (build 960)
Hex Converter:   FromElf.exe V5.06 update 7 (build 960)
CPU DLL:         SARMCM3.DLL V5.41.0.0
Dialog DLL:      DCM.DLL V1.17.5.0
Target DLL:      CMSIS_AGDI.dll V1.33.21.0
Dialog DLL:      TCM.DLL V1.56.4.0
 
<h2>Project:</h2>
D:\Robomaster\RC\备份\专心调速度备份\MDK-ARM\Engineering_Arm.uvprojx
Project File Date:  06/28/2025

<h2>Output:</h2>
*** Using Compiler 'V5.06 update 7 (build 960)', folder: 'D:\Keil_v5\ARM\ARM_Compiler_5.06u7\Bin'
Build target 'Engineering_Arm'
compiling Behavior.c...
../App/remote_control.h(114): warning:  #1295-D: Deprecated declaration sbus_state - give arg types
  void sbus_state();
../Task/position_task.h(104): warning:  #1-D: last line of file ends without a newline
  #endif
../Task/Position_task.h(101): warning:  #1295-D: Deprecated declaration position_init - give arg types
  void position_init();
../Task/Position_task.h(102): warning:  #1295-D: Deprecated declaration position_task - give arg types
  void position_task();
../Task/Position_task.h(104): warning:  #1-D: last line of file ends without a newline
  #endif
..\Core\Src\Behavior.c(6): warning:  #47-D: incompatible redefinition of macro "L2"  (declared at line 18 of "../Core/Inc/Mapping.h")
  #define L2 254.0
..\Core\Src\Behavior.c(66): warning:  #1035-D: single-precision operand implicitly converted to double-precision
  double delta_phase = 0.0193 * 3.0f; //! 鎺у埗閫熷害//0.01
..\Core\Src\Behavior.c(113): warning:  #1035-D: single-precision operand implicitly converted to double-precision
              if (phase_current[i] < PI / 2.0) //
..\Core\Src\Behavior.c(115): warning:  #1035-D: single-precision operand implicitly converted to double-precision
                  TAR_X[i] = phase_current[i] * FootX / (PI / 2.0) + Base_X; //
..\Core\Src\Behavior.c(118): warning:  #1035-D: single-precision operand implicitly converted to double-precision
              else if (phase_current[i] > PI / 2.0 && phase_current[i] < PI)
..\Core\Src\Behavior.c(120): warning:  #1035-D: single-precision operand implicitly converted to double-precision
                  TAR_X[i] = (1 - (phase_current[i] - (PI / 2.0)) / (PI / 2.0)) * FootX + Base_X;
..\Core\Src\Behavior.c(120): warning:  #1035-D: single-precision operand implicitly converted to double-precision
                  TAR_X[i] = (1 - (phase_current[i] - (PI / 2.0)) / (PI / 2.0)) * FootX + Base_X;
..\Core\Src\Behavior.c(123): warning:  #1035-D: single-precision operand implicitly converted to double-precision
              else if (phase_current[i] > PI && phase_current[i] < 3.0 * PI / 2.0)
..\Core\Src\Behavior.c(125): warning:  #1035-D: single-precision operand implicitly converted to double-precision
                  TAR_X[i] = (phase_current[i] - PI) * (-FootX) / (PI / 2.0) + Base_X;
..\Core\Src\Behavior.c(155): warning:  #1035-D: single-precision operand implicitly converted to double-precision
              delta_phase = 0.0193 * 6.0f; // ch3 / 660.0f * 0.0193 * 3.0 + (0.0193 * 2.0f)
..\Core\Src\Behavior.c(161): warning:  #1035-D: single-precision operand implicitly converted to double-precision
              delta_phase = 0.0193 * 3.0f; // ch3 / 660.0f * 0.0193 * 3.0 + (0.0193 * 2.0f)
..\Core\Src\Behavior.c(196): warning:  #1035-D: single-precision operand implicitly converted to double-precision
              if (phase_current[i] < PI / 2.0) //
..\Core\Src\Behavior.c(198): warning:  #1035-D: single-precision operand implicitly converted to double-precision
                  TAR_X[i] = phase_current[i] * FootX / (PI / 2.0) + Base_X; //
..\Core\Src\Behavior.c(201): warning:  #1035-D: single-precision operand implicitly converted to double-precision
              else if (phase_current[i] > PI / 2.0 && phase_current[i] < PI)
..\Core\Src\Behavior.c(203): warning:  #1035-D: single-precision operand implicitly converted to double-precision
                  TAR_X[i] = (1 - (phase_current[i] - (PI / 2.0)) / (PI / 2.0)) * FootX + Base_X;
..\Core\Src\Behavior.c(203): warning:  #1035-D: single-precision operand implicitly converted to double-precision
                  TAR_X[i] = (1 - (phase_current[i] - (PI / 2.0)) / (PI / 2.0)) * FootX + Base_X;
..\Core\Src\Behavior.c(206): warning:  #1035-D: single-precision operand implicitly converted to double-precision
              else if (phase_current[i] > PI && phase_current[i] < 3.0 * PI / 2.0)
..\Core\Src\Behavior.c(208): warning:  #1035-D: single-precision operand implicitly converted to double-precision
                  TAR_X[i] = (phase_current[i] - PI) * (-FootX) / (PI / 2.0) + Base_X;
..\Core\Src\Behavior.c(239): warning:  #1035-D: single-precision operand implicitly converted to double-precision
              delta_phase = 0.0193 * 4.0f; // ch3 / 660.0f * 0.0193 * 3.0 + (0.0193 * 2.0f)
..\Core\Src\Behavior.c(246): warning:  #1035-D: single-precision operand implicitly converted to double-precision
              delta_phase = 0.0193 * 3.0f; // ch3 / 660.0f * 0.0193 * 3.0 + (0.0193 * 2.0f)
..\Core\Src\Behavior.c(281): warning:  #1035-D: single-precision operand implicitly converted to double-precision
              if (phase_current[i] < PI / 2.0) //
..\Core\Src\Behavior.c(283): warning:  #1035-D: single-precision operand implicitly converted to double-precision
                  TAR_X[i] = phase_current[i] * FootX / (PI / 2.0) - 20.0f; //
..\Core\Src\Behavior.c(286): warning:  #1035-D: single-precision operand implicitly converted to double-precision
              else if (phase_current[i] > PI / 2.0 && phase_current[i] < PI)
..\Core\Src\Behavior.c(288): warning:  #1035-D: single-precision operand implicitly converted to double-precision
                  TAR_X[i] = (1 - (phase_current[i] - (PI / 2.0)) / (PI / 2.0)) * FootX - 20.0f;
..\Core\Src\Behavior.c(288): warning:  #1035-D: single-precision operand implicitly converted to double-precision
                  TAR_X[i] = (1 - (phase_current[i] - (PI / 2.0)) / (PI / 2.0)) * FootX - 20.0f;
..\Core\Src\Behavior.c(291): warning:  #1035-D: single-precision operand implicitly converted to double-precision
              else if (phase_current[i] > PI && phase_current[i] < 3.0 * PI / 2.0)
..\Core\Src\Behavior.c(293): warning:  #1035-D: single-precision operand implicitly converted to double-precision
                  TAR_X[i] = (phase_current[i] - PI) * (-FootX) / (PI / 2.0) - 20.0f;
..\Core\Src\Behavior.c(323): warning:  #1035-D: single-precision operand implicitly converted to double-precision
              delta_phase = 0.0193 * 6.0f; // ch3 / 660.0f * 0.0193 * 3.0 + (0.0193 * 2.0f)
..\Core\Src\Behavior.c(329): warning:  #1035-D: single-precision operand implicitly converted to double-precision
              delta_phase = 0.0193 * 3.0f; // ch3 / 660.0f * 0.0193 * 3.0 + (0.0193 * 2.0f)
..\Core\Src\Behavior.c: 34 warnings, 0 errors
linking...
Program Size: Code=45776 RO-data=3248 RW-data=644 ZI-data=27148  
FromELF: creating hex file...
"Engineering_Arm\Engineering_Arm.axf" - 0 Error(s), 34 Warning(s).

<h2>Software Packages used:</h2>

Package Vendor: ARM
                https://www.keil.com/pack/ARM.CMSIS.6.1.0.pack
                ARM::CMSIS@6.1.0
                CMSIS (Common Microcontroller Software Interface Standard)
   * Component: CORE Version: 6.1.0

Package Vendor: Keil
                https://www.keil.com/pack/Keil.STM32F4xx_DFP.3.0.0.pack
                Keil::STM32F4xx_DFP@3.0.0
                STMicroelectronics STM32F4 Series Device Support

<h2>Collection of Component include folders:</h2>
  ./RTE/_Engineering_Arm
  D:/Keil_v5/ARM/PACK/ARM/CMSIS/6.1.0/CMSIS/Core/Include

<h2>Collection of Component Files used:</h2>

   * Component: ARM::CMSIS:CORE@6.1.0
      Include file:  CMSIS/Core/Include/tz_context.h
Build Time Elapsed:  00:00:05
</pre>
</body>
</html>
